// Jest Snapshot v1, https://goo.gl/fbAQLP

exports[`Link changes the class when hovered 1`] = `
<button
  className="sc-bdVaJa cxVUHD"
  onClick={undefined}
>
  Facebook
</button>
`;
